// Vitest Snapshot v1

exports[`<QuizQuestion /> > should render <QuizQuestion /> 1`] = `
.c7 {
  border: none;
  border-radius: 10px;
  font-size: 1.4rem;
  font-weight: 600;
  height: 4.8rem;
  font-weight: 600;
  width: 100%;
}

.c1 {
  font-size: 1.6rem;
}

.c3 {
  -webkit-align-items: center;
  -webkit-box-align: center;
  -ms-flex-align: center;
  align-items: center;
  display: -webkit-box;
  display: -webkit-flex;
  display: -ms-flexbox;
  display: flex;
  -webkit-box-pack: center;
  -webkit-justify-content: center;
  -ms-flex-pack: center;
  justify-content: center;
}

.c2 {
  -webkit-align-items: center;
  -webkit-box-align: center;
  -ms-flex-align: center;
  align-items: center;
  border: 1px solid #219653;
  border-radius: 10px;
  box-shadow: 10px 24px 54px rgba(51,51,51,0.05);
  display: -webkit-box;
  display: -webkit-flex;
  display: -ms-flexbox;
  display: flex;
  gap: 1.6rem;
  margin-top: 1.6rem;
  padding: 1.6rem;
}

.c2 img {
  width: 2.4rem;
}

.c2 p {
  font-size: 1.4rem;
  font-weight: 500;
  margin: 0;
}

.c4 {
  -webkit-align-items: center;
  -webkit-box-align: center;
  -ms-flex-align: center;
  align-items: center;
  border-radius: 10px;
  box-shadow: 10px 24px 54px rgba(51,51,51,0.05);
  display: -webkit-box;
  display: -webkit-flex;
  display: -ms-flexbox;
  display: flex;
  gap: 1.6rem;
  margin-top: 1.6rem;
  padding: 1.6rem;
}

.c4 img {
  width: 2.4rem;
}

.c4 p {
  font-size: 1.4rem;
  font-weight: 500;
  margin: 0;
}

.c5 {
  -webkit-align-items: center;
  -webkit-box-align: center;
  -ms-flex-align: center;
  align-items: center;
  background: #F6E5E5;
  border-radius: 10px;
  box-shadow: 10px 24px 54px rgba(51,51,51,0.05);
  display: -webkit-box;
  display: -webkit-flex;
  display: -ms-flexbox;
  display: flex;
  gap: 1.6rem;
  margin-top: 1.6rem;
  padding: 1.6rem;
}

.c5 img {
  width: 2.4rem;
}

.c5 p {
  font-size: 1.4rem;
  font-weight: 500;
  margin: 0;
}

.c0 h1 {
  font-weight: 600;
  margin-right: 5.6rem;
}

.c0 img {
  margin-bottom: 0.8rem;
  width: 100%;
}

.c6 {
  -webkit-align-items: center;
  -webkit-box-align: center;
  -ms-flex-align: center;
  align-items: center;
  display: -webkit-box;
  display: -webkit-flex;
  display: -ms-flexbox;
  display: flex;
  -webkit-box-pack: justify;
  -webkit-justify-content: space-between;
  -ms-flex-pack: justify;
  justify-content: space-between;
  margin-top: 5.8rem;
}

.c6 button {
  font-size: 1.4rem;
  font-weight: 600;
  width: 48%;
}

.c6 button:first-child {
  background: #FAFAFA;
  border: 1px solid #21BDCA;
  color: #21BDCA;
}

.c6 button:last-child {
  background: #21BDCA;
  color: #FFF;
}

<form
  aria-label="question"
  class="c0"
>
  <h1
    class="c1"
  >
    The image below is a field image used for?
  </h1>
  <img
    src="assets/images/question-image.png"
  />
  <section
    class="c2"
  >
    <section
      class="c3"
    >
      <img
        alt="Radio option"
        src="assets/icons/circle.svg"
      />
    </section>
    <p
      class="c1"
    >
      Football
    </p>
  </section>
  <section
    class="c4"
  >
    <section
      class="c3"
    >
      <img
        alt="Radio option"
        src="assets/icons/circle.svg"
      />
    </section>
    <p
      class="c1"
    >
      Basketball
    </p>
  </section>
  <section
    class="c5"
  >
    <section
      class="c3"
    >
      <img
        alt="Radio option"
        src="assets/icons/x.svg"
      />
    </section>
    <p
      class="c1"
    >
      Volleyball
    </p>
  </section>
  <section
    class="c4"
  >
    <section
      class="c3"
    >
      <img
        alt="Radio option"
        src="assets/icons/circle.svg"
      />
    </section>
    <p
      class="c1"
    >
      Shuttlecock
    </p>
  </section>
  <section
    class="c6"
  >
    <button
      class="c7"
    >
      Previous
    </button>
    <button
      class="c7"
    >
      Next
    </button>
  </section>
</form>
`;
